// Jest Snapshot v1, https://goo.gl/fbAQLP

exports[`generator - gradle with empty configuration should generate only gradle files 1`] = `
Object {
  ".yo-rc.json": Object {
    "stateCleared": "modified",
  },
  "gradle/wrapper/gradle-wrapper.jar": Object {
    "stateCleared": "modified",
  },
  "gradle/wrapper/gradle-wrapper.properties": Object {
    "stateCleared": "modified",
  },
  "gradlew": Object {
    "stateCleared": "modified",
  },
  "gradlew.bat": Object {
    "stateCleared": "modified",
  },
}
`;

exports[`generator - gradle with valid configuration should generate only gradle files 1`] = `
Object {
  ".yo-rc.json": Object {
    "stateCleared": "modified",
  },
  "gradle/wrapper/gradle-wrapper.jar": Object {
    "stateCleared": "modified",
  },
  "gradle/wrapper/gradle-wrapper.properties": Object {
    "stateCleared": "modified",
  },
  "gradlew": Object {
    "stateCleared": "modified",
  },
  "gradlew.bat": Object {
    "stateCleared": "modified",
  },
}
`;
