// Jest Snapshot v1, https://goo.gl/fbAQLP

exports[`generator - maven with empty configuration should generate only maven files 1`] = `
Object {
  ".mvn/jvm.config": Object {
    "stateCleared": "modified",
  },
  ".mvn/wrapper/maven-wrapper.jar": Object {
    "stateCleared": "modified",
  },
  ".mvn/wrapper/maven-wrapper.properties": Object {
    "stateCleared": "modified",
  },
  ".yo-rc.json": Object {
    "stateCleared": "modified",
  },
  "mvnw": Object {
    "stateCleared": "modified",
  },
  "mvnw.cmd": Object {
    "stateCleared": "modified",
  },
}
`;

exports[`generator - maven with valid configuration should generate only maven files 1`] = `
Object {
  ".mvn/jvm.config": Object {
    "stateCleared": "modified",
  },
  ".mvn/wrapper/maven-wrapper.jar": Object {
    "stateCleared": "modified",
  },
  ".mvn/wrapper/maven-wrapper.properties": Object {
    "stateCleared": "modified",
  },
  ".yo-rc.json": Object {
    "stateCleared": "modified",
  },
  "mvnw": Object {
    "stateCleared": "modified",
  },
  "mvnw.cmd": Object {
    "stateCleared": "modified",
  },
}
`;
